30 parquet files; 106 parrot genera
  20260925_164453_00052_ap295_04022d69-59e  hits=104  MB=36.9
  20260925_164453_00052_ap295_0acb6167-513  hits=112  MB=36.9
  20260925_164453_00052_ap295_1148fd98-5a2  hits=121  MB=32.7
  20260925_164453_00052_ap295_16fc8752-dad  hits=114  MB=38.1
  20260925_164453_00052_ap295_1a8aeaeb-b29  hits=87  MB=36.4
  20260925_164453_00052_ap295_1b10d42f-beb  hits=129  MB=38.4
  20260925_164453_00052_ap295_2618b9fd-057  hits=112  MB=36.3
  20260925_164453_00052_ap295_2b07b720-a19  hits=128  MB=39.3
  20260925_164453_00052_ap295_2e4a8f16-ce7  hits=98  MB=36.6
  20260925_164453_00052_ap295_2fdbb3ff-1dd  hits=114  MB=36.8
  20260925_164453_00052_ap295_389fa2d9-1f1  hits=95  MB=38.0
  20260925_164453_00052_ap295_40797e58-02c  hits=109  MB=36.1
  20260925_164453_00052_ap295_409337bc-ff9  hits=97  MB=36.5
  20260925_164453_00052_ap295_4c104591-c55  hits=113  MB=36.6
  20260925_164453_00052_ap295_55c94434-b8e  hits=93  MB=36.5
  20260925_164453_00052_ap295_59152ce6-a2e  hits=120  MB=36.8
  20260925_164453_00052_ap295_618a6ea0-234  hits=138  MB=37.7
  20260925_164453_00052_ap295_a118131d-646  hits=122  MB=36.1
  20260925_164453_00052_ap295_a843b55c-69a  hits=109  MB=37.9
  20260925_164453_00052_ap295_b26be3ac-72b  hits=107  MB=36.0
  20260925_164453_00052_ap295_b2df15be-cb2  hits=114  MB=38.0
  20260925_164453_00052_ap295_b489f90a-e0f  hits=100  MB=36.4
  20260925_164453_00052_ap295_b6a0826b-025  hits=114  MB=38.1
  20260925_164453_00052_ap295_c22c4469-7ab  hits=105  MB=38.9
  20260925_164453_00052_ap295_d800507c-e2e  hits=114  MB=38.4
  20260925_164453_00052_ap295_e2ad5137-948  hits=112  MB=37.5
  20260925_164453_00052_ap295_ef8032aa-f63  hits=111  MB=37.3
  20260925_164453_00052_ap295_f5d431c9-7a6  hits=97  MB=32.3
  20260925_164453_00052_ap295_fc17df0b-64d  hits=94  MB=32.6
  20260925_164453_00052_ap295_fef4f9ff-0c3  hits=117  MB=36.6
total fetched: 1103 MB; parrot runs: 3300
species with WGS: 472; with >=20x in one individual: 146
